Unity Editor version:    6000.0.24f1 (11fa355cd605)
Branch:                  6000.0/staging
Build type:              Release
Batch mode:              YES
macOS version:           Version 15.5 (Build 24F74)
Darwin version:          24.5.0
Architecture:            x86_64
Running under Rosetta:   NO
Available memory:        16384 MB
Using pre-set license
Pro License: YES

COMMAND LINE ARGUMENTS:
/Applications/Unity/Hub/Editor/6000.0.24f1/Unity.app/Contents/MacOS/Unity
-adb2
-batchMode
-noUpm
-name
AssetImportWorker1
-projectPath
/Users/matthewburton/Documents/GitHub/321FIT/321FIT
-logFile
Logs/AssetImportWorker1.log
-srvPort
50550
-job-worker-count
5
-background-job-worker-count
8
-asset-garbage-collectors
1
Successfully changed project path to: /Users/matthewburton/Documents/GitHub/321FIT/321FIT
/Users/matthewburton/Documents/GitHub/321FIT/321FIT
[UnityMemory] Configuration Parameters - Can be set up in boot.config
    "memorysetup-bucket-allocator-granularity=16"
    "memorysetup-bucket-allocator-bucket-count=8"
    "memorysetup-bucket-allocator-block-size=33554432"
    "memorysetup-bucket-allocator-block-count=8"
    "memorysetup-main-allocator-block-size=16777216"
    "memorysetup-thread-allocator-block-size=16777216"
    "memorysetup-gfx-main-allocator-block-size=16777216"
    "memorysetup-gfx-thread-allocator-block-size=16777216"
    "memorysetup-cache-allocator-block-size=4194304"
    "memorysetup-typetree-allocator-block-size=2097152"
    "memorysetup-profiler-bucket-allocator-granularity=16"
    "memorysetup-profiler-bucket-allocator-bucket-count=8"
    "memorysetup-profiler-bucket-allocator-block-size=33554432"
    "memorysetup-profiler-bucket-allocator-block-count=8"
    "memorysetup-profiler-allocator-block-size=16777216"
    "memorysetup-profiler-editor-allocator-block-size=1048576"
    "memorysetup-temp-allocator-size-main=16777216"
    "memorysetup-job-temp-allocator-block-size=2097152"
    "memorysetup-job-temp-allocator-block-size-background=1048576"
    "memorysetup-job-temp-allocator-reduction-small-platforms=262144"
    "memorysetup-allocator-temp-initial-block-size-main=262144"
    "memorysetup-allocator-temp-initial-block-size-worker=262144"
    "memorysetup-temp-allocator-size-background-worker=32768"
    "memorysetup-temp-allocator-size-job-worker=262144"
    "memorysetup-temp-allocator-size-preload-manager=33554432"
    "memorysetup-temp-allocator-size-nav-mesh-worker=65536"
    "memorysetup-temp-allocator-size-audio-worker=65536"
    "memorysetup-temp-allocator-size-cloud-worker=32768"
    "memorysetup-temp-allocator-size-gi-baking-worker=262144"
    "memorysetup-temp-allocator-size-gi-baking-worker=262144"
    "memorysetup-temp-allocator-size-gi-baking-worker=262144"
    "memorysetup-temp-allocator-size-gi-baking-worker=262144"
    "memorysetup-temp-allocator-size-gi-baking-worker=262144"
    "memorysetup-temp-allocator-size-gfx=262144"
Player connection [140704556408256]  Target information:

Player connection [140704556408256]  * "[IP] 10.0.233.86 [Port] 0 [Flags] 2 [Guid] 3759376360 [EditorId] 3759376360 [Version] 1048832 [Id] OSXEditor(0,mburton.dhcp.webster.edu) [Debug] 1 [PackageName] OSXEditor [ProjectName] Editor" 

Player connection [140704556408256] Host joined multi-casting on [225.0.0.222:54997]...
Player connection [140704556408256] Host joined alternative multi-casting on [225.0.0.222:34997]...
JobSystem: Creating JobQueue using job-worker-count value 5
[Physics::Module] Initialized fallback backend.
[Physics::Module] Id: 0xdecafbad
Library Redirect Path: Library/
[Physics::Module] Selected backend.
[Physics::Module] Name: PhysX
[Physics::Module] Id: 0xf2b8ea05
[Physics::Module] SDK Version: 4.1.2
[Physics::Module] Integration Version: 1.0.0
[Physics::Module] Threading Mode: Multi-Threaded
Refreshing native plugins compatible for Editor in 3.88 ms, found 2 plugins.
Preloading 0 native plugins for Editor in 0.00 ms.
Initialize engine version: 6000.0.24f1 (11fa355cd605)
[Subsystems] Discovering subsystems at path /Applications/Unity/Hub/Editor/6000.0.24f1/Unity.app/Contents/Resources/UnitySubsystems
[Subsystems] Discovering subsystems at path /Users/matthewburton/Documents/GitHub/321FIT/321FIT/Assets
GfxDevice: creating device client; kGfxThreadingModeNonThreaded
Color LCD preferred device: AMD Radeon Pro 5300M (high power)
Metal devices available: 2
0: AMD Radeon Pro 5300M (high power)
1: Intel(R) UHD Graphics 630 (low power)
Using device AMD Radeon Pro 5300M (high power)
Initializing Metal device caps: AMD Radeon Pro 5300M
Initialize mono
Mono path[0] = '/Applications/Unity/Hub/Editor/6000.0.24f1/Unity.app/Contents/Managed'
Mono path[1] = '/Applications/Unity/Hub/Editor/6000.0.24f1/Unity.app/Contents/MonoBleedingEdge/lib/mono/unityjit-macos'
Mono config path = '/Applications/Unity/Hub/Editor/6000.0.24f1/Unity.app/Contents/MonoBleedingEdge/etc'
Using monoOptions --debugger-agent=transport=dt_socket,embedding=1,server=y,suspend=n,address=127.0.0.1:56686
Begin MonoManager ReloadAssembly
Registering precompiled unity dll's ...
Register platform support module: /Applications/Unity/Hub/Editor/6000.0.24f1/PlaybackEngines/WebGLSupport/UnityEditor.WebGL.Extensions.dll
Register platform support module: /Applications/Unity/Hub/Editor/6000.0.24f1/Unity.app/Contents/PlaybackEngines/MacStandaloneSupport/UnityEditor.OSXStandalone.Extensions.dll
Register platform support module: /Applications/Unity/Hub/Editor/6000.0.24f1/PlaybackEngines/WindowsStandaloneSupport/UnityEditor.WindowsStandalone.Extensions.dll
Register platform support module: /Applications/Unity/Hub/Editor/6000.0.24f1/PlaybackEngines/AndroidPlayer/UnityEditor.Android.Extensions.dll
Register platform support module: /Applications/Unity/Hub/Editor/6000.0.24f1/PlaybackEngines/iOSSupport/UnityEditor.iOS.Extensions.dll
Register platform support module: /Applications/Unity/Hub/Editor/6000.0.24f1/PlaybackEngines/LinuxStandaloneSupport/UnityEditor.LinuxStandalone.Extensions.dll
Registered in 0.016402 seconds.
- Loaded All Assemblies, in  1.068 seconds
Native extension for LinuxStandalone target not found
[usbmuxd] Start listen thread
[usbmuxd] Listen thread started
[usbmuxd] Send listen message
Native extension for iOS target not found
Native extension for Android target not found
Android Extension - Scanning For ADB Devices 280 ms
Native extension for WindowsStandalone target not found
Native extension for OSXStandalone target not found
Native extension for WebGL target not found
Mono: successfully reloaded assembly
- Finished resetting the current domain, in  1.902 seconds
Domain Reload Profiling: 2970ms
	BeginReloadAssembly (305ms)
		ExecutionOrderSort (0ms)
		DisableScriptedObjects (0ms)
		BackupInstance (0ms)
		ReleaseScriptingObjects (0ms)
		CreateAndSetChildDomain (2ms)
	RebuildCommonClasses (87ms)
	RebuildNativeTypeToScriptingClass (28ms)
	initialDomainReloadingComplete (117ms)
	LoadAllAssembliesAndSetupDomain (531ms)
		LoadAssemblies (310ms)
		RebuildTransferFunctionScriptingTraits (0ms)
		AnalyzeDomain (518ms)
			TypeCache.Refresh (512ms)
				TypeCache.ScanAssembly (470ms)
			BuildScriptInfoCaches (0ms)
			ResolveRequiredComponents (1ms)
	FinalizeReload (1903ms)
		ReleaseScriptCaches (0ms)
		RebuildScriptCaches (0ms)
		SetupLoadedEditorAssemblies (1800ms)
			LogAssemblyErrors (0ms)
			InitializePlatformSupportModulesInManaged (763ms)
			SetLoadedEditorAssemblies (10ms)
			BeforeProcessingInitializeOnLoad (28ms)
			ProcessInitializeOnLoadAttributes (870ms)
			ProcessInitializeOnLoadMethodAttributes (122ms)
			AfterProcessingInitializeOnLoad (7ms)
			EditorAssembliesLoaded (0ms)
		ExecutionOrderSort2 (0ms)
		AwakeInstancesAfterBackupRestoration (0ms)
========================================================================
Worker process is ready to serve import requests
Import Worker Mode flag is 0x00
Begin MonoManager ReloadAssembly
Symbol file LoadedFromMemory is not a mono symbol file
- Loaded All Assemblies, in  2.399 seconds
Refreshing native plugins compatible for Editor in 4.91 ms, found 2 plugins.
Native extension for LinuxStandalone target not found
Native extension for iOS target not found
Native extension for Android target not found
Native extension for WindowsStandalone target not found
Native extension for OSXStandalone target not found
Native extension for WebGL target not found
Refreshing native plugins compatible for Editor in 5.02 ms, found 2 plugins.
Mono: successfully reloaded assembly
- Finished resetting the current domain, in  2.544 seconds
Domain Reload Profiling: 4942ms
	BeginReloadAssembly (982ms)
		ExecutionOrderSort (0ms)
		DisableScriptedObjects (14ms)
		BackupInstance (0ms)
		ReleaseScriptingObjects (0ms)
		CreateAndSetChildDomain (94ms)
	RebuildCommonClasses (97ms)
	RebuildNativeTypeToScriptingClass (37ms)
	initialDomainReloadingComplete (87ms)
	LoadAllAssembliesAndSetupDomain (1194ms)
		LoadAssemblies (967ms)
		RebuildTransferFunctionScriptingTraits (0ms)
		AnalyzeDomain (377ms)
			TypeCache.Refresh (282ms)
				TypeCache.ScanAssembly (239ms)
			BuildScriptInfoCaches (75ms)
			ResolveRequiredComponents (12ms)
	FinalizeReload (2545ms)
		ReleaseScriptCaches (0ms)
		RebuildScriptCaches (0ms)
		SetupLoadedEditorAssemblies (2045ms)
			LogAssemblyErrors (0ms)
			InitializePlatformSupportModulesInManaged (93ms)
			SetLoadedEditorAssemblies (10ms)
			BeforeProcessingInitializeOnLoad (100ms)
			ProcessInitializeOnLoadAttributes (1471ms)
			ProcessInitializeOnLoadMethodAttributes (361ms)
			AfterProcessingInitializeOnLoad (8ms)
			EditorAssembliesLoaded (1ms)
		ExecutionOrderSort2 (0ms)
		AwakeInstancesAfterBackupRestoration (8ms)
Launching external process: /Applications/Unity/Hub/Editor/6000.0.24f1/Unity.app/Contents/Tools/UnityShaderCompiler
Launched and connected shader compiler UnityShaderCompiler after 0.17 seconds
Refreshing native plugins compatible for Editor in 2.89 ms, found 2 plugins.
Preloading 0 native plugins for Editor in 0.00 ms.
Unloading 59 Unused Serialized files (Serialized files now loaded: 0)
Unloading 2975 unused Assets / (0.9 MB). Loaded Objects now: 3589.
Memory consumption went from 107.1 MB to 106.2 MB.
Total: 42.565446 ms (FindLiveObjects: 5.612584 ms CreateObjectMapping: 0.385223 ms MarkObjects: 32.998145 ms  DeleteObjects: 3.567462 ms)

========================================================================
Received Import Request.
  Time since last request: 1026669.373625 seconds.
  path: Assets/Prefabs/SelectableWorkoutIcon.prefab
  artifactKey: Guid(05415cb0444992a4aa8955607d193a98) Importer(815301076,1909f56bfc062723c751e8b465ee728b)
Start importing Assets/Prefabs/SelectableWorkoutIcon.prefab using Guid(05415cb0444992a4aa8955607d193a98) Importer(815301076,1909f56bfc062723c751e8b465ee728b) (PreviewImporter) -> (artifact id: '7923e47a2b448a59de36055bef0d6d48') in 0.08785522 seconds
Number of updated asset objects reloaded before import = 0Number of asset objects unloaded after import = 14

========================================================================
Received Import Request.
  Time since last request: 0.000077 seconds.
  path: Assets/Prefabs/AddWorkoutItem.prefab
  artifactKey: Guid(6b288a701c2df95468fe77e671b9da59) Importer(815301076,1909f56bfc062723c751e8b465ee728b)
Start importing Assets/Prefabs/AddWorkoutItem.prefab using Guid(6b288a701c2df95468fe77e671b9da59) Importer(815301076,1909f56bfc062723c751e8b465ee728b) (PreviewImporter) -> (artifact id: '750f1e6c3325ff03b43e0b5ab5b6f5ad') in 0.059350747 seconds
Number of updated asset objects reloaded before import = 0Number of asset objects unloaded after import = 63

========================================================================
Received Import Request.
  Time since last request: 19757.317418 seconds.
  path: Assets/Sounds/321MidBeep.wav
  artifactKey: Guid(dec6957b19f89914e8c03f6f69f914a6) Importer(815301076,1909f56bfc062723c751e8b465ee728b)
Start importing Assets/Sounds/321MidBeep.wav using Guid(dec6957b19f89914e8c03f6f69f914a6) Importer(815301076,1909f56bfc062723c751e8b465ee728b) (PreviewImporter) -> (artifact id: '61cf1622d2fff38f5035d2e9a3192b51') in 2.163110373 seconds
Number of updated asset objects reloaded before import = 11Number of asset objects unloaded after import = 2

========================================================================
Received Import Request.
  Time since last request: 0.000110 seconds.
  path: Assets/Images/Animations/box_jumps_5b.png
  artifactKey: Guid(9c8dc79524b273b4a9e38b0cd9734e06) Importer(815301076,1909f56bfc062723c751e8b465ee728b)
Start importing Assets/Images/Animations/box_jumps_5b.png using Guid(9c8dc79524b273b4a9e38b0cd9734e06) Importer(815301076,1909f56bfc062723c751e8b465ee728b) (PreviewImporter) -> (artifact id: '1dea1f844d78ae1ae5282088ad489178') in 0.088509465 seconds
Number of updated asset objects reloaded before import = 0Number of asset objects unloaded after import = 3

========================================================================
Received Import Request.
  Time since last request: 0.000071 seconds.
  path: Assets/Images/Animations/SpriteSheets/superman-attempt.png
  artifactKey: Guid(481e43ac24a8a2947b26d5c4701540cf) Importer(815301076,1909f56bfc062723c751e8b465ee728b)
Start importing Assets/Images/Animations/SpriteSheets/superman-attempt.png using Guid(481e43ac24a8a2947b26d5c4701540cf) Importer(815301076,1909f56bfc062723c751e8b465ee728b) (PreviewImporter) -> (artifact id: '8150ae0863322987f1608e9ba902fbc3') in 0.017979352 seconds
Number of updated asset objects reloaded before import = 0Number of asset objects unloaded after import = 4

========================================================================
Received Import Request.
  Time since last request: 0.000132 seconds.
  path: Assets/BurtBot Numbers/BBNumber.prefab
  artifactKey: Guid(3fc0fbc7fde724f2f9eb056b19a17860) Importer(815301076,1909f56bfc062723c751e8b465ee728b)
Start importing Assets/BurtBot Numbers/BBNumber.prefab using Guid(3fc0fbc7fde724f2f9eb056b19a17860) Importer(815301076,1909f56bfc062723c751e8b465ee728b) (PreviewImporter) -> (artifact id: '5bfb35918159ba03b2be5117e67a18cc') in 0.004729066 seconds
Number of updated asset objects reloaded before import = 0Number of asset objects unloaded after import = 4

========================================================================
Received Import Request.
  Time since last request: 0.000100 seconds.
  path: Assets/Images/Animations/box_jumps_2b.png
  artifactKey: Guid(5be8379e2fe9993459cd483eb4fdc180) Importer(815301076,1909f56bfc062723c751e8b465ee728b)
Start importing Assets/Images/Animations/box_jumps_2b.png using Guid(5be8379e2fe9993459cd483eb4fdc180) Importer(815301076,1909f56bfc062723c751e8b465ee728b) (PreviewImporter) -> (artifact id: '69e0a08f3a9fb0c40aa35a0195475113') in 0.024935041 seconds
Number of updated asset objects reloaded before import = 0Number of asset objects unloaded after import = 3

========================================================================
Received Import Request.
  Time since last request: 0.000069 seconds.
  path: Assets/Images/Animations/box_jumps_1.png
  artifactKey: Guid(bf6fb36e19d654ef0b33d1bd0dde6ce8) Importer(815301076,1909f56bfc062723c751e8b465ee728b)
Start importing Assets/Images/Animations/box_jumps_1.png using Guid(bf6fb36e19d654ef0b33d1bd0dde6ce8) Importer(815301076,1909f56bfc062723c751e8b465ee728b) (PreviewImporter) -> (artifact id: 'f4f907ba4a14357de3cdd2e0fa69b1d1') in 0.013609632 seconds
Number of updated asset objects reloaded before import = 0Number of asset objects unloaded after import = 3

========================================================================
Received Import Request.
  Time since last request: 0.000078 seconds.
  path: Assets/Images/Animations/box_jumps_1b.png
  artifactKey: Guid(af54513577db5174d9ee3d63b414ee13) Importer(815301076,1909f56bfc062723c751e8b465ee728b)
Start importing Assets/Images/Animations/box_jumps_1b.png using Guid(af54513577db5174d9ee3d63b414ee13) Importer(815301076,1909f56bfc062723c751e8b465ee728b) (PreviewImporter) -> (artifact id: '17576c8760d2ccb04115234eb942228a') in 0.011073398 seconds
Number of updated asset objects reloaded before import = 0Number of asset objects unloaded after import = 3

========================================================================
Received Import Request.
  Time since last request: 0.000100 seconds.
  path: Assets/Images/Animations/box_jumps_3.png
  artifactKey: Guid(143f9f751f2a14ba49832b0807be8604) Importer(815301076,1909f56bfc062723c751e8b465ee728b)
Start importing Assets/Images/Animations/box_jumps_3.png using Guid(143f9f751f2a14ba49832b0807be8604) Importer(815301076,1909f56bfc062723c751e8b465ee728b) (PreviewImporter) -> (artifact id: '87acac02c9578d3cb3a9847d913336ea') in 0.010003166 seconds
Number of updated asset objects reloaded before import = 0Number of asset objects unloaded after import = 3

========================================================================
Received Import Request.
  Time since last request: 0.000066 seconds.
  path: Assets/Images/Animations/box_jumps_6b.png
  artifactKey: Guid(57d17dce637a5aa4084341b10ec07103) Importer(815301076,1909f56bfc062723c751e8b465ee728b)
Start importing Assets/Images/Animations/box_jumps_6b.png using Guid(57d17dce637a5aa4084341b10ec07103) Importer(815301076,1909f56bfc062723c751e8b465ee728b) (PreviewImporter) -> (artifact id: '0bedcda6e47df5beb1187e3836517389') in 0.008699203 seconds
Number of updated asset objects reloaded before import = 0Number of asset objects unloaded after import = 3

========================================================================
Received Import Request.
  Time since last request: 0.000060 seconds.
  path: Assets/Sounds/air-horn-club-sample_1.wav
  artifactKey: Guid(2b5c70d02a5a3c2468c82f51cc2e6c17) Importer(815301076,1909f56bfc062723c751e8b465ee728b)
Start importing Assets/Sounds/air-horn-club-sample_1.wav using Guid(2b5c70d02a5a3c2468c82f51cc2e6c17) Importer(815301076,1909f56bfc062723c751e8b465ee728b) (PreviewImporter) -> (artifact id: 'db73c260703ba72bb27cda4cd642c8f1') in 0.021253603 seconds
Number of updated asset objects reloaded before import = 0Number of asset objects unloaded after import = 2

========================================================================
Received Import Request.
  Time since last request: 0.000076 seconds.
  path: Assets/Images/Animations/box_jumps_2.png
  artifactKey: Guid(b5ce626d0c4184422890486a4d1d7518) Importer(815301076,1909f56bfc062723c751e8b465ee728b)
Start importing Assets/Images/Animations/box_jumps_2.png using Guid(b5ce626d0c4184422890486a4d1d7518) Importer(815301076,1909f56bfc062723c751e8b465ee728b) (PreviewImporter) -> (artifact id: 'ee55d178b96db212fe2c52a34bc96b4a') in 0.011710578 seconds
Number of updated asset objects reloaded before import = 0Number of asset objects unloaded after import = 3

========================================================================
Received Import Request.
  Time since last request: 0.000092 seconds.
  path: Assets/Sounds/air-horn-club-sample_1-old1.wav
  artifactKey: Guid(b52a8c4665c0ce8478654d63de478130) Importer(815301076,1909f56bfc062723c751e8b465ee728b)
Start importing Assets/Sounds/air-horn-club-sample_1-old1.wav using Guid(b52a8c4665c0ce8478654d63de478130) Importer(815301076,1909f56bfc062723c751e8b465ee728b) (PreviewImporter) -> (artifact id: '84c6d9c6f81dc683941a758dfd008d32') in 0.01138652 seconds
Number of updated asset objects reloaded before import = 0Number of asset objects unloaded after import = 2

========================================================================
Received Import Request.
  Time since last request: 0.000083 seconds.
  path: Assets/Images/Animations/box_jumps_3b.png
  artifactKey: Guid(04fe456f38546a146b3d717251199031) Importer(815301076,1909f56bfc062723c751e8b465ee728b)
Start importing Assets/Images/Animations/box_jumps_3b.png using Guid(04fe456f38546a146b3d717251199031) Importer(815301076,1909f56bfc062723c751e8b465ee728b) (PreviewImporter) -> (artifact id: '2e1f6fd51cdf0efadb40619bc44d7a34') in 0.00919604 seconds
Number of updated asset objects reloaded before import = 0Number of asset objects unloaded after import = 3

========================================================================
Received Import Request.
  Time since last request: 0.000071 seconds.
  path: Assets/911Fonts.com_CenturyGothicBold__-_911fonts.asset
  artifactKey: Guid(af19abb0262bd704cb17d67aeb077c09) Importer(815301076,1909f56bfc062723c751e8b465ee728b)
Start importing Assets/911Fonts.com_CenturyGothicBold__-_911fonts.asset using Guid(af19abb0262bd704cb17d67aeb077c09) Importer(815301076,1909f56bfc062723c751e8b465ee728b) (PreviewImporter) -> (artifact id: 'f27a3dc3138f5819b1e4bf95e6a051ba') in 0.369788144 seconds
Number of updated asset objects reloaded before import = 0Number of asset objects unloaded after import = 4

========================================================================
Received Import Request.
  Time since last request: 101.633318 seconds.
  path: Assets/BetterSlider/BetterSlider/Prefabs/CarouselItem - FitBoyAnimator.prefab
  artifactKey: Guid(8647f16188814e045a9c9011279d0193) Importer(815301076,1909f56bfc062723c751e8b465ee728b)
Start importing Assets/BetterSlider/BetterSlider/Prefabs/CarouselItem - FitBoyAnimator.prefab using Guid(8647f16188814e045a9c9011279d0193) Importer(815301076,1909f56bfc062723c751e8b465ee728b) (PreviewImporter) -> (artifact id: '2ffc3d5d6984233312f729102941b6af') in 0.044235963 seconds
Number of updated asset objects reloaded before import = 0Number of asset objects unloaded after import = 13

========================================================================
Received Import Request.
  Time since last request: 0.000082 seconds.
  path: Assets/enhanced_dot_digital-7.ttf
  artifactKey: Guid(8eb33a36a984a4c8b97d52d8c4b3bbe6) Importer(815301076,1909f56bfc062723c751e8b465ee728b)
Start importing Assets/enhanced_dot_digital-7.ttf using Guid(8eb33a36a984a4c8b97d52d8c4b3bbe6) Importer(815301076,1909f56bfc062723c751e8b465ee728b) (PreviewImporter) -> (artifact id: 'b7176de8e548361976d436efdc0438ca') in 0.139906895 seconds
Number of updated asset objects reloaded before import = 0Number of asset objects unloaded after import = 4

========================================================================
Received Import Request.
  Time since last request: 0.000071 seconds.
  path: Assets/pixelmix.ttf
  artifactKey: Guid(870ad51acfe1146e9ac35232dc0c1631) Importer(815301076,1909f56bfc062723c751e8b465ee728b)
Start importing Assets/pixelmix.ttf using Guid(870ad51acfe1146e9ac35232dc0c1631) Importer(815301076,1909f56bfc062723c751e8b465ee728b) (PreviewImporter) -> (artifact id: '7f0fd7f689e3b91254246cbe433ddfa0') in 0.015104065 seconds
Number of updated asset objects reloaded before import = 0Number of asset objects unloaded after import = 4

========================================================================
Received Import Request.
  Time since last request: 0.000095 seconds.
  path: Assets/TextMesh Pro/Resources/Fonts & Materials/LiberationSans SDF - Fallback.asset
  artifactKey: Guid(2e498d1c8094910479dc3e1b768306a4) Importer(815301076,1909f56bfc062723c751e8b465ee728b)
Start importing Assets/TextMesh Pro/Resources/Fonts & Materials/LiberationSans SDF - Fallback.asset using Guid(2e498d1c8094910479dc3e1b768306a4) Importer(815301076,1909f56bfc062723c751e8b465ee728b) (PreviewImporter) -> (artifact id: 'cdc233b15bdd9be4b8e0e89ce4ad39f9') in 0.195899996 seconds
Number of updated asset objects reloaded before import = 0Number of asset objects unloaded after import = 6

========================================================================
Received Import Request.
  Time since last request: 0.000059 seconds.
  path: Assets/Prefabs/MWBLogo/Images/mwb_mask.png
  artifactKey: Guid(0b910429d860f6946bc0b1be15058cb2) Importer(815301076,1909f56bfc062723c751e8b465ee728b)
Start importing Assets/Prefabs/MWBLogo/Images/mwb_mask.png using Guid(0b910429d860f6946bc0b1be15058cb2) Importer(815301076,1909f56bfc062723c751e8b465ee728b) (PreviewImporter) -> (artifact id: '051850c77e7d73336668757b71d83434') in 0.025520243 seconds
Number of updated asset objects reloaded before import = 0Number of asset objects unloaded after import = 3

========================================================================
Received Import Request.
  Time since last request: 0.000122 seconds.
  path: Assets/pixelmix SDF.asset
  artifactKey: Guid(208d45bc8515e4791aa7cf1d8ae87f3e) Importer(815301076,1909f56bfc062723c751e8b465ee728b)
Start importing Assets/pixelmix SDF.asset using Guid(208d45bc8515e4791aa7cf1d8ae87f3e) Importer(815301076,1909f56bfc062723c751e8b465ee728b) (PreviewImporter) -> (artifact id: '0111da39324651f3c7fa7e4d587e7830') in 0.027061406 seconds
Number of updated asset objects reloaded before import = 0Number of asset objects unloaded after import = 4

========================================================================
Received Import Request.
  Time since last request: 0.000096 seconds.
  path: Assets/Images/Animations/row_machine_1.png
  artifactKey: Guid(7443c6245eb01e5449692db963a3a1a9) Importer(815301076,1909f56bfc062723c751e8b465ee728b)
Start importing Assets/Images/Animations/row_machine_1.png using Guid(7443c6245eb01e5449692db963a3a1a9) Importer(815301076,1909f56bfc062723c751e8b465ee728b) (PreviewImporter) -> (artifact id: 'ed18f6757b61b2d6700d6fe77bdef282') in 0.022863624 seconds
Number of updated asset objects reloaded before import = 0Number of asset objects unloaded after import = 3

========================================================================
Received Import Request.
  Time since last request: 0.000521 seconds.
  path: Assets/BAHNSCHRIFT.TTF
  artifactKey: Guid(bbb86fe4be6cec249ac8e2a407a2fb4d) Importer(815301076,1909f56bfc062723c751e8b465ee728b)
Start importing Assets/BAHNSCHRIFT.TTF using Guid(bbb86fe4be6cec249ac8e2a407a2fb4d) Importer(815301076,1909f56bfc062723c751e8b465ee728b) (PreviewImporter) -> (artifact id: 'f054dfd9208ef3e829d50c7bb9be5194') in 0.014956837 seconds
Number of updated asset objects reloaded before import = 0Number of asset objects unloaded after import = 4

Editor requested this worker to shutdown with reason: Scaling down because of idle timeout
AssetImportWorker is now disconnected from the server
Process exiting
