Using pre-set license
Built from '6000.0/staging' branch; Version is '6000.0.24f1 (11fa355cd605) revision 1178165'; Using compiler version '193933523'; Build Type 'Release'
OS: 'Windows 10  (10.0.19045) 64bit Core' Language: 'en' Physical Memory: 16274 MB
BatchMode: 1, IsHumanControllingUs: 0, StartBugReporterOnCrash: 0, Is64bit: 1, IsPro: 1

COMMAND LINE ARGUMENTS:
C:\Program Files\Unity\Hub\Editor\6000.0.24f1\Editor\Unity.exe
-adb2
-batchMode
-noUpm
-name
AssetImportWorker0
-projectPath
D:/GitHub/321FIT/321FIT
-logFile
Logs/AssetImportWorker0.log
-srvPort
51960
-job-worker-count
1
-background-job-worker-count
8
-asset-garbage-collectors
1
Successfully changed project path to: D:/GitHub/321FIT/321FIT
D:/GitHub/321FIT/321FIT
[UnityMemory] Configuration Parameters - Can be set up in boot.config
    "memorysetup-bucket-allocator-granularity=16"
    "memorysetup-bucket-allocator-bucket-count=8"
    "memorysetup-bucket-allocator-block-size=33554432"
    "memorysetup-bucket-allocator-block-count=8"
    "memorysetup-main-allocator-block-size=16777216"
    "memorysetup-thread-allocator-block-size=16777216"
    "memorysetup-gfx-main-allocator-block-size=16777216"
    "memorysetup-gfx-thread-allocator-block-size=16777216"
    "memorysetup-cache-allocator-block-size=4194304"
    "memorysetup-typetree-allocator-block-size=2097152"
    "memorysetup-profiler-bucket-allocator-granularity=16"
    "memorysetup-profiler-bucket-allocator-bucket-count=8"
    "memorysetup-profiler-bucket-allocator-block-size=33554432"
    "memorysetup-profiler-bucket-allocator-block-count=8"
    "memorysetup-profiler-allocator-block-size=16777216"
    "memorysetup-profiler-editor-allocator-block-size=1048576"
    "memorysetup-temp-allocator-size-main=16777216"
    "memorysetup-job-temp-allocator-block-size=2097152"
    "memorysetup-job-temp-allocator-block-size-background=1048576"
    "memorysetup-job-temp-allocator-reduction-small-platforms=262144"
    "memorysetup-allocator-temp-initial-block-size-main=262144"
    "memorysetup-allocator-temp-initial-block-size-worker=262144"
    "memorysetup-temp-allocator-size-background-worker=32768"
    "memorysetup-temp-allocator-size-job-worker=262144"
    "memorysetup-temp-allocator-size-preload-manager=33554432"
    "memorysetup-temp-allocator-size-nav-mesh-worker=65536"
    "memorysetup-temp-allocator-size-audio-worker=65536"
    "memorysetup-temp-allocator-size-cloud-worker=32768"
    "memorysetup-temp-allocator-size-gi-baking-worker=262144"
    "memorysetup-temp-allocator-size-gi-baking-worker=262144"
    "memorysetup-temp-allocator-size-gi-baking-worker=262144"
    "memorysetup-temp-allocator-size-gi-baking-worker=262144"
    "memorysetup-temp-allocator-size-gi-baking-worker=262144"
    "memorysetup-temp-allocator-size-gfx=262144"
Player connection [27676]  Target information:

Player connection [27676]  * "[IP] 10.0.25.78 [Port] 0 [Flags] 2 [Guid] 958650753 [EditorId] 958650753 [Version] 1048832 [Id] WindowsEditor(7,DESKTOP-FQABHOM) [Debug] 1 [PackageName] WindowsEditor [ProjectName] Editor" 

Player connection [27676] Host joined multi-casting on [225.0.0.222:54997]...
Player connection [27676] Host joined alternative multi-casting on [225.0.0.222:34997]...
JobSystem: Creating JobQueue using job-worker-count value 1
[Physics::Module] Initialized fallback backend.
[Physics::Module] Id: 0xdecafbad
Library Redirect Path: Library/
[Physics::Module] Selected backend.
[Physics::Module] Name: PhysX
[Physics::Module] Id: 0xf2b8ea05
[Physics::Module] SDK Version: 4.1.2
[Physics::Module] Integration Version: 1.0.0
[Physics::Module] Threading Mode: Multi-Threaded
Refreshing native plugins compatible for Editor in 66.71 ms, found 2 plugins.
Preloading 0 native plugins for Editor in 0.00 ms.
Initialize engine version: 6000.0.24f1 (11fa355cd605)
[Subsystems] Discovering subsystems at path C:/Program Files/Unity/Hub/Editor/6000.0.24f1/Editor/Data/Resources/UnitySubsystems
[Subsystems] Discovering subsystems at path D:/GitHub/321FIT/321FIT/Assets
GfxDevice: creating device client; kGfxThreadingModeNonThreaded
Direct3D:
    Version:  Direct3D 11.0 [level 11.1]
    Renderer: NVIDIA GeForce GTX 1060 6GB (ID=0x1c03)
    Vendor:   NVIDIA
    VRAM:     6029 MB
    Driver:   32.0.15.6094
Initialize mono
Mono path[0] = 'C:/Program Files/Unity/Hub/Editor/6000.0.24f1/Editor/Data/Managed'
Mono path[1] = 'C:/Program Files/Unity/Hub/Editor/6000.0.24f1/Editor/Data/MonoBleedingEdge/lib/mono/unityjit-win32'
Mono config path = 'C:/Program Files/Unity/Hub/Editor/6000.0.24f1/Editor/Data/MonoBleedingEdge/etc'
Using monoOptions --debugger-agent=transport=dt_socket,embedding=1,server=y,suspend=n,address=127.0.0.1:56496
Begin MonoManager ReloadAssembly
Registering precompiled unity dll's ...
Register platform support module: C:/Program Files/Unity/Hub/Editor/6000.0.24f1/Editor/Data/PlaybackEngines/WindowsStandaloneSupport/UnityEditor.WindowsStandalone.Extensions.dll
Register platform support module: C:/Program Files/Unity/Hub/Editor/6000.0.24f1/Editor/Data/PlaybackEngines/AndroidPlayer/UnityEditor.Android.Extensions.dll
Registered in 0.008339 seconds.
- Loaded All Assemblies, in  0.712 seconds
Native extension for Android target not found
Android Extension - Scanning For ADB Devices 627 ms
Native extension for WindowsStandalone target not found
Mono: successfully reloaded assembly
- Finished resetting the current domain, in  1.652 seconds
Domain Reload Profiling: 2361ms
	BeginReloadAssembly (272ms)
		ExecutionOrderSort (0ms)
		DisableScriptedObjects (0ms)
		BackupInstance (0ms)
		ReleaseScriptingObjects (0ms)
		CreateAndSetChildDomain (3ms)
	RebuildCommonClasses (63ms)
	RebuildNativeTypeToScriptingClass (19ms)
	initialDomainReloadingComplete (87ms)
	LoadAllAssembliesAndSetupDomain (267ms)
		LoadAssemblies (264ms)
		RebuildTransferFunctionScriptingTraits (0ms)
		AnalyzeDomain (260ms)
			TypeCache.Refresh (258ms)
				TypeCache.ScanAssembly (238ms)
			BuildScriptInfoCaches (0ms)
			ResolveRequiredComponents (1ms)
	FinalizeReload (1652ms)
		ReleaseScriptCaches (0ms)
		RebuildScriptCaches (0ms)
		SetupLoadedEditorAssemblies (1571ms)
			LogAssemblyErrors (0ms)
			InitializePlatformSupportModulesInManaged (887ms)
			SetLoadedEditorAssemblies (9ms)
			BeforeProcessingInitializeOnLoad (9ms)
			ProcessInitializeOnLoadAttributes (188ms)
			ProcessInitializeOnLoadMethodAttributes (106ms)
			AfterProcessingInitializeOnLoad (371ms)
			EditorAssembliesLoaded (0ms)
		ExecutionOrderSort2 (0ms)
		AwakeInstancesAfterBackupRestoration (0ms)
========================================================================
Worker process is ready to serve import requests
Import Worker Mode flag is 0x00
Begin MonoManager ReloadAssembly
- Loaded All Assemblies, in  3.228 seconds
Refreshing native plugins compatible for Editor in 1.49 ms, found 2 plugins.
Native extension for Android target not found
Native extension for WindowsStandalone target not found
Mono: successfully reloaded assembly
- Finished resetting the current domain, in  1.701 seconds
Domain Reload Profiling: 4900ms
	BeginReloadAssembly (1052ms)
		ExecutionOrderSort (0ms)
		DisableScriptedObjects (9ms)
		BackupInstance (0ms)
		ReleaseScriptingObjects (0ms)
		CreateAndSetChildDomain (48ms)
	RebuildCommonClasses (126ms)
	RebuildNativeTypeToScriptingClass (73ms)
	initialDomainReloadingComplete (105ms)
	LoadAllAssembliesAndSetupDomain (1843ms)
		LoadAssemblies (1798ms)
		RebuildTransferFunctionScriptingTraits (0ms)
		AnalyzeDomain (429ms)
			TypeCache.Refresh (296ms)
				TypeCache.ScanAssembly (244ms)
			BuildScriptInfoCaches (113ms)
			ResolveRequiredComponents (11ms)
	FinalizeReload (1702ms)
		ReleaseScriptCaches (0ms)
		RebuildScriptCaches (0ms)
		SetupLoadedEditorAssemblies (1074ms)
			LogAssemblyErrors (0ms)
			InitializePlatformSupportModulesInManaged (35ms)
			SetLoadedEditorAssemblies (13ms)
			BeforeProcessingInitializeOnLoad (117ms)
			ProcessInitializeOnLoadAttributes (782ms)
			ProcessInitializeOnLoadMethodAttributes (111ms)
			AfterProcessingInitializeOnLoad (15ms)
			EditorAssembliesLoaded (0ms)
		ExecutionOrderSort2 (0ms)
		AwakeInstancesAfterBackupRestoration (14ms)
Launched and connected shader compiler UnityShaderCompiler.exe after 0.04 seconds
Refreshing native plugins compatible for Editor in 1.33 ms, found 2 plugins.
Preloading 0 native plugins for Editor in 0.00 ms.
Unloading 65 Unused Serialized files (Serialized files now loaded: 0)
Unloading 2479 unused Assets / (431.3 KB). Loaded Objects now: 3098.
Memory consumption went from 113.5 MB to 113.1 MB.
Total: 6.512600 ms (FindLiveObjects: 0.353400 ms CreateObjectMapping: 0.297700 ms MarkObjects: 4.996500 ms  DeleteObjects: 0.863500 ms)

========================================================================
Received Import Request.
  Time since last request: 773598.771306 seconds.
  path: Assets/Images/Animations/bands_external_1.png
  artifactKey: Guid(a9bf9fb5d36a985438e249406aca8f78) Importer(815301076,1909f56bfc062723c751e8b465ee728b)
Start importing Assets/Images/Animations/bands_external_1.png using Guid(a9bf9fb5d36a985438e249406aca8f78) Importer(815301076,1909f56bfc062723c751e8b465ee728b) (PreviewImporter) -> (artifact id: '05cd4925b5306c660381431e54888d31') in 0.1982581 seconds
Number of updated asset objects reloaded before import = 0Number of asset objects unloaded after import = 3

========================================================================
Received Import Request.
  Time since last request: 0.007418 seconds.
  path: Assets/Images/Animations/bent_over_rows_3b.png
  artifactKey: Guid(524d4903ab25c2d4bba30da2a1355deb) Importer(815301076,1909f56bfc062723c751e8b465ee728b)
Start importing Assets/Images/Animations/bent_over_rows_3b.png using Guid(524d4903ab25c2d4bba30da2a1355deb) Importer(815301076,1909f56bfc062723c751e8b465ee728b) (PreviewImporter) -> (artifact id: 'c533017487bb312a1371c4b2c8032388') in 0.0573775 seconds
Number of updated asset objects reloaded before import = 0Number of asset objects unloaded after import = 3

========================================================================
Received Import Request.
  Time since last request: 0.004386 seconds.
  path: Assets/Images/Animations/bands_internal_1b.png
  artifactKey: Guid(4ff924ddd63bbb44cb7113e7373e4cf5) Importer(815301076,1909f56bfc062723c751e8b465ee728b)
Start importing Assets/Images/Animations/bands_internal_1b.png using Guid(4ff924ddd63bbb44cb7113e7373e4cf5) Importer(815301076,1909f56bfc062723c751e8b465ee728b) (PreviewImporter) -> (artifact id: '47c98d765e44d5c7a21573a59ff71c3e') in 0.0513919 seconds
Number of updated asset objects reloaded before import = 0Number of asset objects unloaded after import = 3

========================================================================
Received Import Request.
  Time since last request: 0.002617 seconds.
  path: Assets/Images/Animations/body_squats_1.png
  artifactKey: Guid(12b058bb7b5dd6f4fba524d2bdeb8ed1) Importer(815301076,1909f56bfc062723c751e8b465ee728b)
Start importing Assets/Images/Animations/body_squats_1.png using Guid(12b058bb7b5dd6f4fba524d2bdeb8ed1) Importer(815301076,1909f56bfc062723c751e8b465ee728b) (PreviewImporter) -> (artifact id: 'd1b592a31dd78c20e6d4e30fe018430e') in 0.0222465 seconds
Number of updated asset objects reloaded before import = 0Number of asset objects unloaded after import = 3

========================================================================
Received Import Request.
  Time since last request: 0.000417 seconds.
  path: Assets/Images/Animations/body_squats_2b.png
  artifactKey: Guid(71ce53c5b368f414099568b1bf45c5c9) Importer(815301076,1909f56bfc062723c751e8b465ee728b)
Start importing Assets/Images/Animations/body_squats_2b.png using Guid(71ce53c5b368f414099568b1bf45c5c9) Importer(815301076,1909f56bfc062723c751e8b465ee728b) (PreviewImporter) -> (artifact id: 'b65a3b9e0e7a6fb9c9f14974821f5ecb') in 0.0261912 seconds
Number of updated asset objects reloaded before import = 0Number of asset objects unloaded after import = 3

========================================================================
Received Import Request.
  Time since last request: 0.000018 seconds.
  path: Assets/Images/Animations/back_plank_1.png
  artifactKey: Guid(6b4dfda66c92385448cb34388cd108b9) Importer(815301076,1909f56bfc062723c751e8b465ee728b)
Start importing Assets/Images/Animations/back_plank_1.png using Guid(6b4dfda66c92385448cb34388cd108b9) Importer(815301076,1909f56bfc062723c751e8b465ee728b) (PreviewImporter) -> (artifact id: '123c510ddbedcfa22ba27221b9f60b63') in 0.0283115 seconds
Number of updated asset objects reloaded before import = 0Number of asset objects unloaded after import = 3

========================================================================
Received Import Request.
  Time since last request: 0.000360 seconds.
  path: Assets/Images/Animations/bench_press_3.png
  artifactKey: Guid(96b5918ef61364ea79c1b759833c976a) Importer(815301076,1909f56bfc062723c751e8b465ee728b)
Start importing Assets/Images/Animations/bench_press_3.png using Guid(96b5918ef61364ea79c1b759833c976a) Importer(815301076,1909f56bfc062723c751e8b465ee728b) (PreviewImporter) -> (artifact id: '1c52654f23667dc9b7d52d4a4cb4325c') in 0.0267057 seconds
Number of updated asset objects reloaded before import = 0Number of asset objects unloaded after import = 3

========================================================================
Received Import Request.
  Time since last request: 0.000129 seconds.
  path: Assets/Images/Animations/bent_over_rows_1b.png
  artifactKey: Guid(41da2087e12118243a6146519904f723) Importer(815301076,1909f56bfc062723c751e8b465ee728b)
Start importing Assets/Images/Animations/bent_over_rows_1b.png using Guid(41da2087e12118243a6146519904f723) Importer(815301076,1909f56bfc062723c751e8b465ee728b) (PreviewImporter) -> (artifact id: '589b5e5bae89759f8f8cddb33cb5607b') in 0.0282424 seconds
Number of updated asset objects reloaded before import = 0Number of asset objects unloaded after import = 3

========================================================================
Received Import Request.
  Time since last request: 0.015397 seconds.
  path: Assets/Images/Animations/bench_press_1.png
  artifactKey: Guid(cc8e4e620e9014d2ba4d98d9376656cd) Importer(815301076,1909f56bfc062723c751e8b465ee728b)
Start importing Assets/Images/Animations/bench_press_1.png using Guid(cc8e4e620e9014d2ba4d98d9376656cd) Importer(815301076,1909f56bfc062723c751e8b465ee728b) (PreviewImporter) -> (artifact id: '44dfc450882ae74a0d58b2b26b3ed28d') in 0.0612806 seconds
Number of updated asset objects reloaded before import = 0Number of asset objects unloaded after import = 3

========================================================================
Received Import Request.
  Time since last request: 0.000171 seconds.
  path: Assets/Images/Animations/box_jumps_1b.png
  artifactKey: Guid(af54513577db5174d9ee3d63b414ee13) Importer(815301076,1909f56bfc062723c751e8b465ee728b)
Start importing Assets/Images/Animations/box_jumps_1b.png using Guid(af54513577db5174d9ee3d63b414ee13) Importer(815301076,1909f56bfc062723c751e8b465ee728b) (PreviewImporter) -> (artifact id: '16bc47247373384f6013dbb225ac328a') in 0.023038 seconds
Number of updated asset objects reloaded before import = 0Number of asset objects unloaded after import = 3

========================================================================
Received Import Request.
  Time since last request: 0.000764 seconds.
  path: Assets/Images/Animations/SpriteSheets/burpee.png
  artifactKey: Guid(89e125cca26678347b1c646a86688a7b) Importer(815301076,1909f56bfc062723c751e8b465ee728b)
Start importing Assets/Images/Animations/SpriteSheets/burpee.png using Guid(89e125cca26678347b1c646a86688a7b) Importer(815301076,1909f56bfc062723c751e8b465ee728b) (PreviewImporter) -> (artifact id: '784eeed91af3fc800af3f38ccd3a38d4') in 0.030933 seconds
Number of updated asset objects reloaded before import = 0Number of asset objects unloaded after import = 3

========================================================================
Received Import Request.
  Time since last request: 0.000029 seconds.
  path: Assets/Images/Animations/calf_raises_1.png
  artifactKey: Guid(57939f9d61f1248e697c085494b45e54) Importer(815301076,1909f56bfc062723c751e8b465ee728b)
Start importing Assets/Images/Animations/calf_raises_1.png using Guid(57939f9d61f1248e697c085494b45e54) Importer(815301076,1909f56bfc062723c751e8b465ee728b) (PreviewImporter) -> (artifact id: 'aefbd2805f75db4e41afa5cc7ed5666b') in 0.0224717 seconds
Number of updated asset objects reloaded before import = 0Number of asset objects unloaded after import = 3

========================================================================
Received Import Request.
  Time since last request: 0.000096 seconds.
  path: Assets/Images/Animations/calf_raises_1b.png
  artifactKey: Guid(ea64bb95db43489489ad5c55d348010e) Importer(815301076,1909f56bfc062723c751e8b465ee728b)
Start importing Assets/Images/Animations/calf_raises_1b.png using Guid(ea64bb95db43489489ad5c55d348010e) Importer(815301076,1909f56bfc062723c751e8b465ee728b) (PreviewImporter) -> (artifact id: '9fa616a431e0f89a8b9294e602137bca') in 0.0316962 seconds
Number of updated asset objects reloaded before import = 0Number of asset objects unloaded after import = 3

========================================================================
Received Import Request.
  Time since last request: 0.000018 seconds.
  path: Assets/Images/Animations/bench_press_1b.png
  artifactKey: Guid(fc57b8dcf619d8a459bc2371912ef8ba) Importer(815301076,1909f56bfc062723c751e8b465ee728b)
Start importing Assets/Images/Animations/bench_press_1b.png using Guid(fc57b8dcf619d8a459bc2371912ef8ba) Importer(815301076,1909f56bfc062723c751e8b465ee728b) (PreviewImporter) -> (artifact id: '44d64e02ecdd0c9bdaa2433bf4f4dee5') in 0.0123241 seconds
Number of updated asset objects reloaded before import = 0Number of asset objects unloaded after import = 3

========================================================================
Received Import Request.
  Time since last request: 0.000017 seconds.
  path: Assets/Images/Animations/box_jumps_6b.png
  artifactKey: Guid(57d17dce637a5aa4084341b10ec07103) Importer(815301076,1909f56bfc062723c751e8b465ee728b)
Start importing Assets/Images/Animations/box_jumps_6b.png using Guid(57d17dce637a5aa4084341b10ec07103) Importer(815301076,1909f56bfc062723c751e8b465ee728b) (PreviewImporter) -> (artifact id: 'ff71956fa1df4df51b7bcdb6d28ac7ec') in 0.0441852 seconds
Number of updated asset objects reloaded before import = 0Number of asset objects unloaded after import = 3

========================================================================
Received Import Request.
  Time since last request: 0.000017 seconds.
  path: Assets/Images/Animations/bent_over_rows_3.png
  artifactKey: Guid(3ea830cc2f73c4b69bbfd84317e798d1) Importer(815301076,1909f56bfc062723c751e8b465ee728b)
Start importing Assets/Images/Animations/bent_over_rows_3.png using Guid(3ea830cc2f73c4b69bbfd84317e798d1) Importer(815301076,1909f56bfc062723c751e8b465ee728b) (PreviewImporter) -> (artifact id: '1ae90ca744f8af9a53c8242cfe7e79af') in 0.0120356 seconds
Number of updated asset objects reloaded before import = 0Number of asset objects unloaded after import = 3

========================================================================
Received Import Request.
  Time since last request: 0.000017 seconds.
  path: Assets/Images/Animations/box_jumps_3b.png
  artifactKey: Guid(04fe456f38546a146b3d717251199031) Importer(815301076,1909f56bfc062723c751e8b465ee728b)
Start importing Assets/Images/Animations/box_jumps_3b.png using Guid(04fe456f38546a146b3d717251199031) Importer(815301076,1909f56bfc062723c751e8b465ee728b) (PreviewImporter) -> (artifact id: '7b4d8aeb54d94ab177fb07de119dcb08') in 0.0216126 seconds
Number of updated asset objects reloaded before import = 0Number of asset objects unloaded after import = 3

========================================================================
Received Import Request.
  Time since last request: 0.000019 seconds.
  path: Assets/BAHNSCHRIFT.TTF
  artifactKey: Guid(bbb86fe4be6cec249ac8e2a407a2fb4d) Importer(815301076,1909f56bfc062723c751e8b465ee728b)
Start importing Assets/BAHNSCHRIFT.TTF using Guid(bbb86fe4be6cec249ac8e2a407a2fb4d) Importer(815301076,1909f56bfc062723c751e8b465ee728b) (PreviewImporter) -> (artifact id: '6f5a813f20fd5ca4a3cd87ff83c1bdda') in 0.1084818 seconds
Number of updated asset objects reloaded before import = 0Number of asset objects unloaded after import = 4

========================================================================
Received Import Request.
  Time since last request: 0.000027 seconds.
  path: Assets/Images/Animations/ab_wheel_1.png
  artifactKey: Guid(befc750cd8c9e4009b7d189053d9669e) Importer(815301076,1909f56bfc062723c751e8b465ee728b)
Start importing Assets/Images/Animations/ab_wheel_1.png using Guid(befc750cd8c9e4009b7d189053d9669e) Importer(815301076,1909f56bfc062723c751e8b465ee728b) (PreviewImporter) -> (artifact id: '4e67d7f5a30d362d7fbd8d21326940cc') in 0.0211276 seconds
Number of updated asset objects reloaded before import = 0Number of asset objects unloaded after import = 3

========================================================================
Received Import Request.
  Time since last request: 0.000054 seconds.
  path: Assets/Prefabs/MWBLogo/Images/BurtBot.png
  artifactKey: Guid(e312bb74a8960374497a4b155725e779) Importer(815301076,1909f56bfc062723c751e8b465ee728b)
Start importing Assets/Prefabs/MWBLogo/Images/BurtBot.png using Guid(e312bb74a8960374497a4b155725e779) Importer(815301076,1909f56bfc062723c751e8b465ee728b) (PreviewImporter) -> (artifact id: '9e8ea6681dfb01e94bac16aa889bf3cf') in 0.041605 seconds
Number of updated asset objects reloaded before import = 0Number of asset objects unloaded after import = 3

========================================================================
Received Import Request.
  Time since last request: 0.000017 seconds.
  path: Assets/VideoAd/Images/_DELETE_iPhoneX_frame1.png
  artifactKey: Guid(f425efca3d814504bb06e17ea31726d2) Importer(815301076,1909f56bfc062723c751e8b465ee728b)
Start importing Assets/VideoAd/Images/_DELETE_iPhoneX_frame1.png using Guid(f425efca3d814504bb06e17ea31726d2) Importer(815301076,1909f56bfc062723c751e8b465ee728b) (PreviewImporter) -> (artifact id: 'b3b2c93eac844d4e9718a530bc417e7f') in 0.167843 seconds
Number of updated asset objects reloaded before import = 0Number of asset objects unloaded after import = 3

========================================================================
Received Import Request.
  Time since last request: 0.000313 seconds.
  path: Assets/Images/Animations/ab_wheel_1b.png
  artifactKey: Guid(cddf59e9b3bb17d42b96143eba91889b) Importer(815301076,1909f56bfc062723c751e8b465ee728b)
Start importing Assets/Images/Animations/ab_wheel_1b.png using Guid(cddf59e9b3bb17d42b96143eba91889b) Importer(815301076,1909f56bfc062723c751e8b465ee728b) (PreviewImporter) -> (artifact id: '77e467d70422e9f2adfc8846997d4d89') in 0.0181799 seconds
Number of updated asset objects reloaded before import = 0Number of asset objects unloaded after import = 3

========================================================================
Received Import Request.
  Time since last request: 0.000055 seconds.
  path: Assets/Images/Animations/bench_press_2b.png
  artifactKey: Guid(2052b39145dd83b48a00267c4164ebec) Importer(815301076,1909f56bfc062723c751e8b465ee728b)
Start importing Assets/Images/Animations/bench_press_2b.png using Guid(2052b39145dd83b48a00267c4164ebec) Importer(815301076,1909f56bfc062723c751e8b465ee728b) (PreviewImporter) -> (artifact id: '677b7de56f3193aa2369b022cd59c339') in 0.016493 seconds
Number of updated asset objects reloaded before import = 0Number of asset objects unloaded after import = 3

========================================================================
Received Import Request.
  Time since last request: 0.000022 seconds.
  path: Assets/Images/black_pixel_square.png
  artifactKey: Guid(30bfaf28096ed17478f1ef544b416a6f) Importer(815301076,1909f56bfc062723c751e8b465ee728b)
Start importing Assets/Images/black_pixel_square.png using Guid(30bfaf28096ed17478f1ef544b416a6f) Importer(815301076,1909f56bfc062723c751e8b465ee728b) (PreviewImporter) -> (artifact id: 'c8b5634864e0a69a4da6c912e27165c0') in 0.0194471 seconds
Number of updated asset objects reloaded before import = 0Number of asset objects unloaded after import = 3

========================================================================
Received Import Request.
  Time since last request: 0.000013 seconds.
  path: Assets/Images/Animations/bands_external_2.png
  artifactKey: Guid(2c4964ca4ef6180458b79444e467b50c) Importer(815301076,1909f56bfc062723c751e8b465ee728b)
Start importing Assets/Images/Animations/bands_external_2.png using Guid(2c4964ca4ef6180458b79444e467b50c) Importer(815301076,1909f56bfc062723c751e8b465ee728b) (PreviewImporter) -> (artifact id: 'e0325b08f8bbbc562dafaa05954ff0af') in 0.0237304 seconds
Number of updated asset objects reloaded before import = 0Number of asset objects unloaded after import = 3

========================================================================
Received Import Request.
  Time since last request: 0.000073 seconds.
  path: Assets/Images/adaptive-icon.png
  artifactKey: Guid(9ea7f09a6e162df4b950fdf176e71476) Importer(815301076,1909f56bfc062723c751e8b465ee728b)
Start importing Assets/Images/adaptive-icon.png using Guid(9ea7f09a6e162df4b950fdf176e71476) Importer(815301076,1909f56bfc062723c751e8b465ee728b) (PreviewImporter) -> (artifact id: '436acaa7d0532af494f4bb2f7c7e45e1') in 0.0486344 seconds
Number of updated asset objects reloaded before import = 0Number of asset objects unloaded after import = 4

========================================================================
Received Import Request.
  Time since last request: 0.000291 seconds.
  path: Assets/Images/Animations/body_squats_3.png
  artifactKey: Guid(05f9523ef865e9a409b9b67aef199178) Importer(815301076,1909f56bfc062723c751e8b465ee728b)
Start importing Assets/Images/Animations/body_squats_3.png using Guid(05f9523ef865e9a409b9b67aef199178) Importer(815301076,1909f56bfc062723c751e8b465ee728b) (PreviewImporter) -> (artifact id: 'ed2653a4f2d9587a5c6c7aacf700c111') in 0.0228755 seconds
Number of updated asset objects reloaded before import = 0Number of asset objects unloaded after import = 3

========================================================================
Received Import Request.
  Time since last request: 0.000207 seconds.
  path: Assets/Images/Animations/bands_internal_2b.png
  artifactKey: Guid(7f85ff238c9178142a8f5f5df4c57b0f) Importer(815301076,1909f56bfc062723c751e8b465ee728b)
Start importing Assets/Images/Animations/bands_internal_2b.png using Guid(7f85ff238c9178142a8f5f5df4c57b0f) Importer(815301076,1909f56bfc062723c751e8b465ee728b) (PreviewImporter) -> (artifact id: 'e83eef35e1d61fa9730443cd6c02e6c3') in 0.012982 seconds
Number of updated asset objects reloaded before import = 0Number of asset objects unloaded after import = 3

========================================================================
Received Import Request.
  Time since last request: 0.043797 seconds.
  path: Assets/enhanced_dot_digital-7.ttf
  artifactKey: Guid(8eb33a36a984a4c8b97d52d8c4b3bbe6) Importer(815301076,1909f56bfc062723c751e8b465ee728b)
Start importing Assets/enhanced_dot_digital-7.ttf using Guid(8eb33a36a984a4c8b97d52d8c4b3bbe6) Importer(815301076,1909f56bfc062723c751e8b465ee728b) (PreviewImporter) -> (artifact id: '6626b3a4b4205e37a68650244b18c5b9') in 0.0102148 seconds
Number of updated asset objects reloaded before import = 0Number of asset objects unloaded after import = 4

========================================================================
Received Import Request.
  Time since last request: 0.104142 seconds.
  path: Assets/grid-cyan.mat
  artifactKey: Guid(c0b1d75886b7a534ca04d0465f0d75dd) Importer(815301076,1909f56bfc062723c751e8b465ee728b)
Start importing Assets/grid-cyan.mat using Guid(c0b1d75886b7a534ca04d0465f0d75dd) Importer(815301076,1909f56bfc062723c751e8b465ee728b) (PreviewImporter) -> (artifact id: '1b28f3bfac39f0b5c6d2e95944ccaaeb') in 0.2882464 seconds
Number of updated asset objects reloaded before import = 0Number of asset objects unloaded after import = 2

========================================================================
Received Import Request.
  Time since last request: 0.612827 seconds.
  path: Assets/NewBrush.brush
  artifactKey: Guid(c5a6541ec3926c0419f8ab6b0164c3b7) Importer(815301076,1909f56bfc062723c751e8b465ee728b)
Start importing Assets/NewBrush.brush using Guid(c5a6541ec3926c0419f8ab6b0164c3b7) Importer(815301076,1909f56bfc062723c751e8b465ee728b) (PreviewImporter) -> (artifact id: 'f961ecb77597e1f4e87ffe4c6a928b05') in 0.0272351 seconds
Number of updated asset objects reloaded before import = 0Number of asset objects unloaded after import = 2

========================================================================
Received Import Request.
  Time since last request: 0.000031 seconds.
  path: Assets/pixelmix.ttf
  artifactKey: Guid(870ad51acfe1146e9ac35232dc0c1631) Importer(815301076,1909f56bfc062723c751e8b465ee728b)
Start importing Assets/pixelmix.ttf using Guid(870ad51acfe1146e9ac35232dc0c1631) Importer(815301076,1909f56bfc062723c751e8b465ee728b) (PreviewImporter) -> (artifact id: '38765e5487db4e73995003d853e049e9') in 0.0090966 seconds
Number of updated asset objects reloaded before import = 0Number of asset objects unloaded after import = 4

========================================================================
Received Import Request.
  Time since last request: 0.000026 seconds.
  path: Assets/NewLayer.terrainlayer
  artifactKey: Guid(c1041241c62632448aed691fec445c8e) Importer(815301076,1909f56bfc062723c751e8b465ee728b)
Start importing Assets/NewLayer.terrainlayer using Guid(c1041241c62632448aed691fec445c8e) Importer(815301076,1909f56bfc062723c751e8b465ee728b) (PreviewImporter) -> (artifact id: 'f480ebeabd4111448d7195640a22da08') in 0.0259307 seconds
Number of updated asset objects reloaded before import = 0Number of asset objects unloaded after import = 2

========================================================================
Received Import Request.
  Time since last request: 14.484488 seconds.
  path: Assets/SplashAnimation/Prefabs/321FitAnimationContainer.prefab
  artifactKey: Guid(22edbb80e6751e947a9b50fa05307a48) Importer(815301076,1909f56bfc062723c751e8b465ee728b)
Start importing Assets/SplashAnimation/Prefabs/321FitAnimationContainer.prefab using Guid(22edbb80e6751e947a9b50fa05307a48) Importer(815301076,1909f56bfc062723c751e8b465ee728b) (PreviewImporter) -> (artifact id: 'a9b7bfded623b99bdd7fa9fcc72c05d4') in 0.0553741 seconds
Number of updated asset objects reloaded before import = 0Number of asset objects unloaded after import = 65

========================================================================
Received Import Request.
  Time since last request: 0.213648 seconds.
  path: Assets/Images/d10-icon.png
  artifactKey: Guid(07a372b66469de04b9060d10953bb0e2) Importer(815301076,1909f56bfc062723c751e8b465ee728b)
Start importing Assets/Images/d10-icon.png using Guid(07a372b66469de04b9060d10953bb0e2) Importer(815301076,1909f56bfc062723c751e8b465ee728b) (PreviewImporter) -> (artifact id: 'c97b503364c2433bac0ac5d551a07aa3') in 0.0207046 seconds
Number of updated asset objects reloaded before import = 0Number of asset objects unloaded after import = 3

========================================================================
Received Import Request.
  Time since last request: 0.000021 seconds.
  path: Assets/Images/Animations/donkey_kicks_1b.png
  artifactKey: Guid(ab672b14228455a4f8c94a9d62a986fb) Importer(815301076,1909f56bfc062723c751e8b465ee728b)
Start importing Assets/Images/Animations/donkey_kicks_1b.png using Guid(ab672b14228455a4f8c94a9d62a986fb) Importer(815301076,1909f56bfc062723c751e8b465ee728b) (PreviewImporter) -> (artifact id: 'f24da84701a1c6f53adacd8a2ae1606f') in 0.0587212 seconds
Number of updated asset objects reloaded before import = 0Number of asset objects unloaded after import = 3

========================================================================
Received Import Request.
  Time since last request: 0.000541 seconds.
  path: Assets/Demigiant/DOTween/Editor/Imgs/DOTweenIcon.png
  artifactKey: Guid(8da095e39e9b4df488dfd436f81116d6) Importer(815301076,1909f56bfc062723c751e8b465ee728b)
Start importing Assets/Demigiant/DOTween/Editor/Imgs/DOTweenIcon.png using Guid(8da095e39e9b4df488dfd436f81116d6) Importer(815301076,1909f56bfc062723c751e8b465ee728b) (PreviewImporter) -> (artifact id: 'cb6b3017e56529fbdcc6c47c1de7eb04') in 0.0225693 seconds
Number of updated asset objects reloaded before import = 0Number of asset objects unloaded after import = 2

========================================================================
Received Import Request.
  Time since last request: 0.000018 seconds.
  path: Assets/Images/Animations/donkey_kicks_3.png
  artifactKey: Guid(8983f4486a0404ebdbb0f0facd4c5dd3) Importer(815301076,1909f56bfc062723c751e8b465ee728b)
Start importing Assets/Images/Animations/donkey_kicks_3.png using Guid(8983f4486a0404ebdbb0f0facd4c5dd3) Importer(815301076,1909f56bfc062723c751e8b465ee728b) (PreviewImporter) -> (artifact id: '0a2af7ec4262bd27da58678c90ec3ac6') in 0.0317751 seconds
Number of updated asset objects reloaded before import = 0Number of asset objects unloaded after import = 3

========================================================================
Received Import Request.
  Time since last request: 0.395884 seconds.
  path: Assets/Images/icon_3dots.png
  artifactKey: Guid(7fba041fa2576d74ebda28a296eb89fa) Importer(815301076,1909f56bfc062723c751e8b465ee728b)
Start importing Assets/Images/icon_3dots.png using Guid(7fba041fa2576d74ebda28a296eb89fa) Importer(815301076,1909f56bfc062723c751e8b465ee728b) (PreviewImporter) -> (artifact id: '28b8920cf9f9f629310e130bf5ea22f8') in 0.0131505 seconds
Number of updated asset objects reloaded before import = 0Number of asset objects unloaded after import = 3

========================================================================
Received Import Request.
  Time since last request: 0.000053 seconds.
  path: Assets/Images/WorkoutIcons/icon_double_dumbell.png
  artifactKey: Guid(d1c4093f124aa0e4086ba412a5dbf38e) Importer(815301076,1909f56bfc062723c751e8b465ee728b)
Start importing Assets/Images/WorkoutIcons/icon_double_dumbell.png using Guid(d1c4093f124aa0e4086ba412a5dbf38e) Importer(815301076,1909f56bfc062723c751e8b465ee728b) (PreviewImporter) -> (artifact id: 'acfbbfc4eef1de3bef7941ce3db4b817') in 0.0202204 seconds
Number of updated asset objects reloaded before import = 0Number of asset objects unloaded after import = 3

========================================================================
Received Import Request.
  Time since last request: 0.000041 seconds.
  path: Assets/Images/WorkoutIcons/icon_dumbells_and_bench.png
  artifactKey: Guid(6ec8c864a53f92649bd80166c6df12b5) Importer(815301076,1909f56bfc062723c751e8b465ee728b)
Start importing Assets/Images/WorkoutIcons/icon_dumbells_and_bench.png using Guid(6ec8c864a53f92649bd80166c6df12b5) Importer(815301076,1909f56bfc062723c751e8b465ee728b) (PreviewImporter) -> (artifact id: 'f5740059f182871b007da4ba1ac6deae') in 0.0222717 seconds
Number of updated asset objects reloaded before import = 0Number of asset objects unloaded after import = 3

========================================================================
Received Import Request.
  Time since last request: 0.000127 seconds.
  path: Assets/Images/icon_duplicate.png
  artifactKey: Guid(0ca7d5164abac544aad3285727bc6dd2) Importer(815301076,1909f56bfc062723c751e8b465ee728b)
Start importing Assets/Images/icon_duplicate.png using Guid(0ca7d5164abac544aad3285727bc6dd2) Importer(815301076,1909f56bfc062723c751e8b465ee728b) (PreviewImporter) -> (artifact id: 'c7201e271262534320e0b656b7950f76') in 0.02323 seconds
Number of updated asset objects reloaded before import = 0Number of asset objects unloaded after import = 3

========================================================================
Received Import Request.
  Time since last request: 0.000025 seconds.
  path: Assets/Images/icon_home.png
  artifactKey: Guid(f2ca5099707bae34891fcb807871472c) Importer(815301076,1909f56bfc062723c751e8b465ee728b)
Start importing Assets/Images/icon_home.png using Guid(f2ca5099707bae34891fcb807871472c) Importer(815301076,1909f56bfc062723c751e8b465ee728b) (PreviewImporter) -> (artifact id: 'f5f917b1c3ff85201905061458dcc5ea') in 0.0433587 seconds
Number of updated asset objects reloaded before import = 0Number of asset objects unloaded after import = 3

========================================================================
Received Import Request.
  Time since last request: 0.000016 seconds.
  path: Assets/Images/icon_end2.png
  artifactKey: Guid(303ba54486c390449abffdfc80b70676) Importer(815301076,1909f56bfc062723c751e8b465ee728b)
Start importing Assets/Images/icon_end2.png using Guid(303ba54486c390449abffdfc80b70676) Importer(815301076,1909f56bfc062723c751e8b465ee728b) (PreviewImporter) -> (artifact id: '8d5d171133964a5247922a890e75e2eb') in 0.0595381 seconds
Number of updated asset objects reloaded before import = 0Number of asset objects unloaded after import = 3

========================================================================
Received Import Request.
  Time since last request: 0.000021 seconds.
  path: Assets/Images/icon_check.png
  artifactKey: Guid(fccda52975175314d854d868c332842d) Importer(815301076,1909f56bfc062723c751e8b465ee728b)
Start importing Assets/Images/icon_check.png using Guid(fccda52975175314d854d868c332842d) Importer(815301076,1909f56bfc062723c751e8b465ee728b) (PreviewImporter) -> (artifact id: '726b0c9339e2ed76cbc7c05f5e24a42f') in 0.0271315 seconds
Number of updated asset objects reloaded before import = 0Number of asset objects unloaded after import = 3

========================================================================
Received Import Request.
  Time since last request: 6.286518 seconds.
  path: Assets/Sounds/air-horn-club-sample_1.wav
  artifactKey: Guid(2b5c70d02a5a3c2468c82f51cc2e6c17) Importer(815301076,1909f56bfc062723c751e8b465ee728b)
Start importing Assets/Sounds/air-horn-club-sample_1.wav using Guid(2b5c70d02a5a3c2468c82f51cc2e6c17) Importer(815301076,1909f56bfc062723c751e8b465ee728b) (PreviewImporter) -> (artifact id: 'e59a3e8708b38a205a64ac505edaf89b') in 0.0676236 seconds
Number of updated asset objects reloaded before import = 0Number of asset objects unloaded after import = 2

========================================================================
Received Import Request.
  Time since last request: 0.204536 seconds.
  path: Assets/TextMesh Pro/Resources/Fonts & Materials/LiberationSans SDF - Fallback.asset
  artifactKey: Guid(2e498d1c8094910479dc3e1b768306a4) Importer(815301076,1909f56bfc062723c751e8b465ee728b)
Start importing Assets/TextMesh Pro/Resources/Fonts & Materials/LiberationSans SDF - Fallback.asset using Guid(2e498d1c8094910479dc3e1b768306a4) Importer(815301076,1909f56bfc062723c751e8b465ee728b) (PreviewImporter) -> (artifact id: 'f07ff882b12e9df95c6fcbef4ea909c1') in 0.1661679 seconds
Number of updated asset objects reloaded before import = 0Number of asset objects unloaded after import = 6

========================================================================
Received Import Request.
  Time since last request: 7.263688 seconds.
  path: Assets/Images/icon_pause.png
  artifactKey: Guid(6417e5bf71fb3b345824508decc1c745) Importer(815301076,1909f56bfc062723c751e8b465ee728b)
Start importing Assets/Images/icon_pause.png using Guid(6417e5bf71fb3b345824508decc1c745) Importer(815301076,1909f56bfc062723c751e8b465ee728b) (PreviewImporter) -> (artifact id: 'b25e7a4fd998c4343de76f5d5d31bcc6') in 0.032019 seconds
Number of updated asset objects reloaded before import = 0Number of asset objects unloaded after import = 3

========================================================================
Received Import Request.
  Time since last request: 0.000018 seconds.
  path: Assets/Images/icon_settings.png
  artifactKey: Guid(31703ac7a703a364584d2495822bc411) Importer(815301076,1909f56bfc062723c751e8b465ee728b)
Start importing Assets/Images/icon_settings.png using Guid(31703ac7a703a364584d2495822bc411) Importer(815301076,1909f56bfc062723c751e8b465ee728b) (PreviewImporter) -> (artifact id: 'fea02c6687ee83b4594f50e705874ec7') in 0.0272811 seconds
Number of updated asset objects reloaded before import = 0Number of asset objects unloaded after import = 3

========================================================================
Received Import Request.
  Time since last request: 0.000047 seconds.
  path: Assets/Images/icon_restart.png
  artifactKey: Guid(9aa0b51d7398197408181dda0d01cabb) Importer(815301076,1909f56bfc062723c751e8b465ee728b)
Start importing Assets/Images/icon_restart.png using Guid(9aa0b51d7398197408181dda0d01cabb) Importer(815301076,1909f56bfc062723c751e8b465ee728b) (PreviewImporter) -> (artifact id: '06483188cd8169e69a1c17754dcb8064') in 0.0299134 seconds
Number of updated asset objects reloaded before import = 0Number of asset objects unloaded after import = 3

========================================================================
Received Import Request.
  Time since last request: 0.000166 seconds.
  path: Assets/SplashAnimation/Images/icon_white_transparent.png
  artifactKey: Guid(718209684da497d49b5b88330e4d9e31) Importer(815301076,1909f56bfc062723c751e8b465ee728b)
Start importing Assets/SplashAnimation/Images/icon_white_transparent.png using Guid(718209684da497d49b5b88330e4d9e31) Importer(815301076,1909f56bfc062723c751e8b465ee728b) (PreviewImporter) -> (artifact id: '1d7eb2f9cc89d31c4bdd883483e78d6d') in 0.0663455 seconds
Number of updated asset objects reloaded before import = 0Number of asset objects unloaded after import = 3

========================================================================
Received Import Request.
  Time since last request: 0.005403 seconds.
  path: Assets/Images/WorkoutIcons/icon_stopwatch.png
  artifactKey: Guid(a817ac211b9abec4e95b7be72adbf6f8) Importer(815301076,1909f56bfc062723c751e8b465ee728b)
Start importing Assets/Images/WorkoutIcons/icon_stopwatch.png using Guid(a817ac211b9abec4e95b7be72adbf6f8) Importer(815301076,1909f56bfc062723c751e8b465ee728b) (PreviewImporter) -> (artifact id: 'e2351025ae3c5467c1c4d3f2ac2e3114') in 0.0352896 seconds
Number of updated asset objects reloaded before import = 0Number of asset objects unloaded after import = 3

========================================================================
Received Import Request.
  Time since last request: 0.000171 seconds.
  path: Assets/Images/WorkoutIcons/icon_squat_rack.png
  artifactKey: Guid(7cf0f82db123126479f2ac32637064bc) Importer(815301076,1909f56bfc062723c751e8b465ee728b)
Start importing Assets/Images/WorkoutIcons/icon_squat_rack.png using Guid(7cf0f82db123126479f2ac32637064bc) Importer(815301076,1909f56bfc062723c751e8b465ee728b) (PreviewImporter) -> (artifact id: '096062d6bc19f8032ac5616435dfa19e') in 0.0376129 seconds
Number of updated asset objects reloaded before import = 0Number of asset objects unloaded after import = 3

========================================================================
Received Import Request.
  Time since last request: 3.594852 seconds.
  path: Assets/Images/GIF.gif
  artifactKey: Guid(5f085f31b45e6324fa7470e7573dbae5) Importer(815301076,1909f56bfc062723c751e8b465ee728b)
Start importing Assets/Images/GIF.gif using Guid(5f085f31b45e6324fa7470e7573dbae5) Importer(815301076,1909f56bfc062723c751e8b465ee728b) (PreviewImporter) -> (artifact id: '25b9cade00d3121dc4fd340b5b20a312') in 0.0274701 seconds
Number of updated asset objects reloaded before import = 0Number of asset objects unloaded after import = 3

========================================================================
Received Import Request.
  Time since last request: 0.000020 seconds.
  path: Assets/Images/grid-cyan-full.png
  artifactKey: Guid(9acf3f0099fd21d4a9e673008410c34a) Importer(815301076,1909f56bfc062723c751e8b465ee728b)
Start importing Assets/Images/grid-cyan-full.png using Guid(9acf3f0099fd21d4a9e673008410c34a) Importer(815301076,1909f56bfc062723c751e8b465ee728b) (PreviewImporter) -> (artifact id: 'fb87cf4c07702c913c6fc603ee2a621d') in 0.0927773 seconds
Number of updated asset objects reloaded before import = 0Number of asset objects unloaded after import = 3

========================================================================
Received Import Request.
  Time since last request: 0.000039 seconds.
  path: Assets/Images/light_semi_transparent_pixel_square.png
  artifactKey: Guid(a8bb599ce0f30ed40aaf5cd970f89f29) Importer(815301076,1909f56bfc062723c751e8b465ee728b)
Start importing Assets/Images/light_semi_transparent_pixel_square.png using Guid(a8bb599ce0f30ed40aaf5cd970f89f29) Importer(815301076,1909f56bfc062723c751e8b465ee728b) (PreviewImporter) -> (artifact id: 'e6f53e9f65525bba9154cd30d0f92465') in 0.0154117 seconds
Number of updated asset objects reloaded before import = 0Number of asset objects unloaded after import = 3

========================================================================
Received Import Request.
  Time since last request: 0.000281 seconds.
  path: Assets/Images/transparent_one_pixel.png
  artifactKey: Guid(5cfac34cb06d3bc42a8aeef5b6e2e329) Importer(815301076,1909f56bfc062723c751e8b465ee728b)
Start importing Assets/Images/transparent_one_pixel.png using Guid(5cfac34cb06d3bc42a8aeef5b6e2e329) Importer(815301076,1909f56bfc062723c751e8b465ee728b) (PreviewImporter) -> (artifact id: '2b290b83542ef2452bbd3fe897e0831a') in 0.0386193 seconds
Number of updated asset objects reloaded before import = 0Number of asset objects unloaded after import = 3

========================================================================
Received Import Request.
  Time since last request: 0.000017 seconds.
  path: Assets/Images/white_one_pixel.png
  artifactKey: Guid(efd028dbeb77d3c40b7cc31abf3977f9) Importer(815301076,1909f56bfc062723c751e8b465ee728b)
Start importing Assets/Images/white_one_pixel.png using Guid(efd028dbeb77d3c40b7cc31abf3977f9) Importer(815301076,1909f56bfc062723c751e8b465ee728b) (PreviewImporter) -> (artifact id: '7495a0f3c4344a46413a6d10e6447474') in 0.0308459 seconds
Number of updated asset objects reloaded before import = 0Number of asset objects unloaded after import = 3

========================================================================
Received Prepare
Begin MonoManager ReloadAssembly
- Loaded All Assemblies, in  0.692 seconds
Refreshing native plugins compatible for Editor in 1.33 ms, found 2 plugins.
Native extension for Android target not found
Native extension for WindowsStandalone target not found
Mono: successfully reloaded assembly
- Finished resetting the current domain, in  1.263 seconds
Domain Reload Profiling: 1952ms
	BeginReloadAssembly (241ms)
		ExecutionOrderSort (0ms)
		DisableScriptedObjects (7ms)
		BackupInstance (0ms)
		ReleaseScriptingObjects (0ms)
		CreateAndSetChildDomain (53ms)
	RebuildCommonClasses (45ms)
	RebuildNativeTypeToScriptingClass (18ms)
	initialDomainReloadingComplete (33ms)
	LoadAllAssembliesAndSetupDomain (352ms)
		LoadAssemblies (368ms)
		RebuildTransferFunctionScriptingTraits (0ms)
		AnalyzeDomain (121ms)
			TypeCache.Refresh (6ms)
				TypeCache.ScanAssembly (0ms)
			BuildScriptInfoCaches (107ms)
			ResolveRequiredComponents (5ms)
	FinalizeReload (1263ms)
		ReleaseScriptCaches (0ms)
		RebuildScriptCaches (0ms)
		SetupLoadedEditorAssemblies (925ms)
			LogAssemblyErrors (0ms)
			InitializePlatformSupportModulesInManaged (15ms)
			SetLoadedEditorAssemblies (5ms)
			BeforeProcessingInitializeOnLoad (52ms)
			ProcessInitializeOnLoadAttributes (714ms)
			ProcessInitializeOnLoadMethodAttributes (124ms)
			AfterProcessingInitializeOnLoad (15ms)
			EditorAssembliesLoaded (0ms)
		ExecutionOrderSort2 (0ms)
		AwakeInstancesAfterBackupRestoration (10ms)
Refreshing native plugins compatible for Editor in 2.40 ms, found 2 plugins.
Preloading 0 native plugins for Editor in 0.00 ms.
Unloading 15 Unused Serialized files (Serialized files now loaded: 0)
Unloading 2477 unused Assets / (1.0 MB). Loaded Objects now: 3172.
Memory consumption went from 101.9 MB to 100.9 MB.
Total: 6.358000 ms (FindLiveObjects: 0.349400 ms CreateObjectMapping: 0.330500 ms MarkObjects: 4.586500 ms  DeleteObjects: 1.090300 ms)

Prepare: number of updated asset objects reloaded= 0
Editor requested this worker to shutdown with reason: Scaling down because of idle timeout
AssetImportWorkerClient::OnTransportError - code=2 error=End of file
AssetImportWorker is now disconnected from the server
Process exiting
Exiting without the bug reporter. Application will terminate with return code 0