[Licensing::Module] Trying to connect to existing licensing client channel...
Built from '6000.2/staging' branch; Version is '6000.2.15f1 (0707b6d1e918) revision 460726'; Using compiler version '194234433'; Build Type 'Release'
OS: 'Windows 10  (10.0.19045) 64bit Core' Language: 'en' Physical Memory: 32604 MB
BatchMode: 1, IsHumanControllingUs: 0, StartBugReporterOnCrash: 0, Is64bit: 1
Date: 2025-12-04T05:15:45Z
[Licensing::IpcConnector] Successfully connected to: "LicenseClient-burto" at "2025-12-04T05:15:45.0391135Z"

COMMAND LINE ARGUMENTS:
C:\Program Files\Unity\Hub\Editor\6000.2.15f1\Editor\Unity.exe
-adb2
-batchMode
-noUpm
-name
AssetImportWorker1
-projectPath
C:/Users/burto/Documents/GitHub/321FIT/321FIT
-logFile
Logs/AssetImportWorker1.log
-srvPort
60988
-licensingIpc
LicenseClient-burto
-job-worker-count
3
-background-job-worker-count
8
-gc-helper-count
1
-name
AssetImport
Successfully changed project path to: C:/Users/burto/Documents/GitHub/321FIT/321FIT
C:/Users/burto/Documents/GitHub/321FIT/321FIT
[UnityMemory] Configuration Parameters - Can be set up in boot.config
    "memorysetup-allocator-temp-initial-block-size-main=262144"
    "memorysetup-allocator-temp-initial-block-size-worker=262144"
    "memorysetup-bucket-allocator-granularity=16"
    "memorysetup-bucket-allocator-bucket-count=8"
    "memorysetup-bucket-allocator-block-size=33554432"
    "memorysetup-bucket-allocator-block-count=8"
    "memorysetup-main-allocator-block-size=16777216"
    "memorysetup-thread-allocator-block-size=16777216"
    "memorysetup-gfx-main-allocator-block-size=16777216"
    "memorysetup-gfx-thread-allocator-block-size=16777216"
    "memorysetup-cache-allocator-block-size=4194304"
    "memorysetup-typetree-allocator-block-size=2097152"
    "memorysetup-profiler-bucket-allocator-granularity=16"
    "memorysetup-profiler-bucket-allocator-bucket-count=8"
    "memorysetup-profiler-bucket-allocator-block-size=33554432"
    "memorysetup-profiler-bucket-allocator-block-count=8"
    "memorysetup-profiler-allocator-block-size=16777216"
    "memorysetup-profiler-editor-allocator-block-size=1048576"
    "memorysetup-temp-allocator-size-main=16777216"
    "memorysetup-job-temp-allocator-block-size=2097152"
    "memorysetup-job-temp-allocator-block-size-background=1048576"
    "memorysetup-job-temp-allocator-reduction-small-platforms=262144"
    "memorysetup-temp-allocator-size-background-worker=32768"
    "memorysetup-temp-allocator-size-job-worker=262144"
    "memorysetup-temp-allocator-size-preload-manager=33554432"
    "memorysetup-temp-allocator-size-nav-mesh-worker=65536"
    "memorysetup-temp-allocator-size-audio-worker=65536"
    "memorysetup-temp-allocator-size-cloud-worker=32768"
    "memorysetup-temp-allocator-size-gi-baking-worker=262144"
    "memorysetup-temp-allocator-size-gi-baking-worker=262144"
    "memorysetup-temp-allocator-size-gi-baking-worker=262144"
    "memorysetup-temp-allocator-size-gi-baking-worker=262144"
    "memorysetup-temp-allocator-size-gi-baking-worker=262144"
    "memorysetup-temp-allocator-size-gfx=262144"
Player connection [69460]  Target information:

Player connection [69460]  * "[IP] 192.168.25.105 [Port] 0 [Flags] 2 [Guid] 3525957381 [EditorId] 3525957381 [Version] 1048832 [Id] WindowsEditor(7,DESKTOP-AVTI26A) [Debug] 1 [PackageName] WindowsEditor [ProjectName] Editor" 

Player connection [69460] Host joined multi-casting on [225.0.0.222:54997]...
Player connection [69460] Host joined alternative multi-casting on [225.0.0.222:34997]...
JobSystem: Creating JobQueue using job-worker-count value 3
Input System module state changed to: Initialized.
[Physics::Module] Initialized fallback backend.
[Physics::Module] Id: 0xdecafbad
Library Redirect Path: Library/
[Licensing::Client] Code 10 while verifying Licensing Client signature (process Id: 32744, path: "C:/Program Files/Unity Hub/UnityLicensingClient_V1/Unity.Licensing.Client.exe")
[Licensing::Module] LicensingClient has failed validation; ignoring
[Licensing::Client] Error: Unexpected message Type: ApiErrorResponse, expected: HandshakeResponse
[Physics::Module] Selected backend.
[Physics::Module] Name: PhysX
[Physics::Module] Id: 0xf2b8ea05
[Physics::Module] SDK Version: 4.1.2
[Physics::Module] Integration Version: 1.0.0
[Physics::Module] Threading Mode: Multi-Threaded
[Licensing::Module] Licensing is not yet initialized.
[Licensing::Client] Error: Timed-out after 30.00s, waiting for HandshakeResponse
[Licensing::Module] Error: Failed to handshake to channel: "LicenseClient-burto"
[Licensing::IpcConnector] LicenseClient-burto channel disconnected successfully.
[Licensing::IpcConnector] Successfully connected to: "LicenseClient-burto-6000.2.15" at "2025-12-04T05:16:17.2766787Z"
[Licensing::Client] Handshaking with LicensingClient:
  Version:                 1.17.4+4293ba1
  Session Id:              84e54ea4498141e68e21e972e7020b5c
  Correlation Id:          ead863022da908145fbdd304673d6e69
  External correlation Id: 4868060436948507217
  Machine Id:              PFnxXtTsePfrkHePduEji8VfGsE=
[Licensing::Module] Successfully connected to LicensingClient on channel: "LicenseClient-burto-6000.2.15" (connect: 0.01s, validation: 0.02s, handshake: 21.13s)
[Licensing::IpcConnector] Successfully connected to: "LicenseClient-burto-6000.2.15-notifications" at "2025-12-04T05:16:38.4268573Z"
[Licensing::Module] Licensing Background thread has ended after 53.42s
[Licensing::Module] Licensing is initialized (took 49.07s).
[Licensing::Client] Successfully resolved entitlement details
[Licensing::Module] License group:
  Id: F4-HVV3-4VP8-B4WY-JUWA-XXXX
  Product: Unity Personal
  Type: ULF
  Expiration: Unlimited
Refreshing native plugins compatible for Editor in 84.64 ms, found 2 plugins.
Preloading 0 native plugins for Editor in 0.00 ms.
Initialize engine version: 6000.2.15f1 (0707b6d1e918)
[Subsystems] Discovering subsystems at path C:/Program Files/Unity/Hub/Editor/6000.2.15f1/Editor/Data/Resources/UnitySubsystems
[Subsystems] Discovering subsystems at path C:/Users/burto/Documents/GitHub/321FIT/321FIT/Assets
GfxDevice: creating device client; kGfxThreadingModeNonThreaded
Direct3D:
    Version:  Direct3D 11.0 [level 11.1]
    Renderer: Radeon (TM) RX 570 (ID=0x67df)
    Vendor:   ATI
    VRAM:     8171 MB
    Driver:   27.20.14501.18003
Initialize mono
Mono path[0] = 'C:/Program Files/Unity/Hub/Editor/6000.2.15f1/Editor/Data/Managed'
Mono path[1] = 'C:/Program Files/Unity/Hub/Editor/6000.2.15f1/Editor/Data/MonoBleedingEdge/lib/mono/unityjit-win32'
Mono config path = 'C:/Program Files/Unity/Hub/Editor/6000.2.15f1/Editor/Data/MonoBleedingEdge/etc'
Using monoOptions --debugger-agent=transport=dt_socket,embedding=1,server=y,suspend=n,address=127.0.0.1:56220
Begin MonoManager ReloadAssembly
Registering precompiled unity dll's ...
Register platform support module: C:/Program Files/Unity/Hub/Editor/6000.2.15f1/Editor/Data/PlaybackEngines/WindowsStandaloneSupport/UnityEditor.WindowsStandalone.Extensions.dll
Register platform support module: C:/Program Files/Unity/Hub/Editor/6000.2.15f1/Editor/Data/PlaybackEngines/AndroidPlayer/UnityEditor.Android.Extensions.dll
Registered in 0.018641 seconds.
- Loaded All Assemblies, in  6.617 seconds
Native extension for Android target not found
Android Extension - Scanning For ADB Devices 5724 ms
Native extension for WindowsStandalone target not found
Mono: successfully reloaded assembly
- Finished resetting the current domain, in 12.356 seconds
Domain Reload Profiling: 18976ms
	BeginReloadAssembly (2587ms)
		ExecutionOrderSort (0ms)
		DisableScriptedObjects (0ms)
		BackupInstance (0ms)
		ReleaseScriptingObjects (0ms)
		CreateAndSetChildDomain (2ms)
	RebuildCommonClasses (818ms)
	RebuildNativeTypeToScriptingClass (127ms)
	initialDomainReloadingComplete (800ms)
	LoadAllAssembliesAndSetupDomain (2262ms)
		LoadAssemblies (2453ms)
		RebuildTransferFunctionScriptingTraits (0ms)
		AnalyzeDomain (2235ms)
			TypeCache.Refresh (2230ms)
				TypeCache.ScanAssembly (1951ms)
			BuildScriptInfoCaches (0ms)
			ResolveRequiredComponents (2ms)
	FinalizeReload (12382ms)
		ReleaseScriptCaches (0ms)
		RebuildScriptCaches (0ms)
		SetupLoadedEditorAssemblies (11690ms)
			LogAssemblyErrors (0ms)
			InitializePlatformSupportModulesInManaged (6891ms)
			SetLoadedEditorAssemblies (34ms)
			BeforeProcessingInitializeOnLoad (1979ms)
			ProcessInitializeOnLoadAttributes (1694ms)
			ProcessInitializeOnLoadMethodAttributes (1092ms)
			AfterProcessingInitializeOnLoad (0ms)
			EditorAssembliesLoaded (0ms)
		ExecutionOrderSort2 (0ms)
		AwakeInstancesAfterBackupRestoration (0ms)
========================================================================
Worker process is ready to serve import requests
Import Worker Mode flag is 0x00
Begin MonoManager ReloadAssembly
[Licensing::Client] Successfully resolved entitlement details
Symbol file LoadedFromMemory is not a mono symbol file
- Loaded All Assemblies, in  9.539 seconds
Refreshing native plugins compatible for Editor in 14.35 ms, found 2 plugins.
Native extension for Android target not found
Native extension for WindowsStandalone target not found
Package Manager log level set to [2]
[Package Manager] Failed to launch server process. Reason: Unity was launched with the -noUpm command-line argument
[Package Manager] Unable to send message (not connected to server process).
[Package Manager] Cannot connect to Unity Package Manager local server
Mono: successfully reloaded assembly
- Finished resetting the current domain, in  7.029 seconds
Domain Reload Profiling: 16320ms
	BeginReloadAssembly (2401ms)
		ExecutionOrderSort (0ms)
		DisableScriptedObjects (133ms)
		BackupInstance (0ms)
		ReleaseScriptingObjects (0ms)
		CreateAndSetChildDomain (282ms)
	RebuildCommonClasses (510ms)
	RebuildNativeTypeToScriptingClass (143ms)
	initialDomainReloadingComplete (872ms)
	LoadAllAssembliesAndSetupDomain (5362ms)
		LoadAssemblies (5536ms)
		RebuildTransferFunctionScriptingTraits (0ms)
		AnalyzeDomain (1334ms)
			TypeCache.Refresh (1152ms)
				TypeCache.ScanAssembly (1057ms)
			BuildScriptInfoCaches (147ms)
			ResolveRequiredComponents (17ms)
	FinalizeReload (7032ms)
		ReleaseScriptCaches (0ms)
		RebuildScriptCaches (0ms)
		SetupLoadedEditorAssemblies (6033ms)
			LogAssemblyErrors (0ms)
			InitializePlatformSupportModulesInManaged (81ms)
			SetLoadedEditorAssemblies (18ms)
			BeforeProcessingInitializeOnLoad (2027ms)
			ProcessInitializeOnLoadAttributes (3302ms)
			ProcessInitializeOnLoadMethodAttributes (513ms)
			AfterProcessingInitializeOnLoad (91ms)
			EditorAssembliesLoaded (1ms)
		ExecutionOrderSort2 (0ms)
		AwakeInstancesAfterBackupRestoration (38ms)
Launched and connected shader compiler UnityShaderCompiler.exe after 0.06 seconds
Refreshing native plugins compatible for Editor in 17.99 ms, found 2 plugins.
Preloading 0 native plugins for Editor in 0.00 ms.
Unloading 16 Unused Serialized files (Serialized files now loaded: 0)
Unloading 2711 unused Assets / (4.2 MB). Loaded Objects now: 3238.
Memory consumption went from 84.8 MB to 80.7 MB.
Total: 70.634600 ms (FindLiveObjects: 2.979700 ms CreateObjectMapping: 5.315300 ms MarkObjects: 31.842400 ms  DeleteObjects: 30.493600 ms)

========================================================================
Received Import Request.
  Time since last request: 1146714.758570 seconds.
  path: Assets/BAHNS - OUTLINE.asset
  artifactKey: Guid(d80894b15e5e39c429e6bb4f7c8f0d10) Importer(815301076,1909f56bfc062723c751e8b465ee728b)
Start importing Assets/BAHNS - OUTLINE.asset using Guid(d80894b15e5e39c429e6bb4f7c8f0d10) Importer(815301076,1909f56bfc062723c751e8b465ee728b) (PreviewImporter) -> (artifact id: '6264c02cca1baadea47e277e9faa04bc') in 0.9829502 seconds
Number of updated asset objects reloaded before import = 0Number of asset objects unloaded after import = 4

========================================================================
Received Import Request.
  Time since last request: 0.000081 seconds.
  path: Assets/Red.mat
  artifactKey: Guid(de9c304c78043764cbb8216b143eea9c) Importer(815301076,1909f56bfc062723c751e8b465ee728b)
Start importing Assets/Red.mat using Guid(de9c304c78043764cbb8216b143eea9c) Importer(815301076,1909f56bfc062723c751e8b465ee728b) (PreviewImporter) -> (artifact id: '7e1339a687f439f56c9dae7affa7ada2') in 1.3548457 seconds
Number of updated asset objects reloaded before import = 0Number of asset objects unloaded after import = 1

========================================================================
Received Import Request.
  Time since last request: 0.002263 seconds.
  path: Assets/pixelmix SDF.asset
  artifactKey: Guid(208d45bc8515e4791aa7cf1d8ae87f3e) Importer(815301076,1909f56bfc062723c751e8b465ee728b)
Start importing Assets/pixelmix SDF.asset using Guid(208d45bc8515e4791aa7cf1d8ae87f3e) Importer(815301076,1909f56bfc062723c751e8b465ee728b) (PreviewImporter) -> (artifact id: '26d5bc559eff676cc5b2aea66c983d9a') in 0.2077371 seconds
Number of updated asset objects reloaded before import = 0Number of asset objects unloaded after import = 4

========================================================================
Received Import Request.
  Time since last request: 0.000026 seconds.
  path: Assets/grid-cyan.mat
  artifactKey: Guid(c0b1d75886b7a534ca04d0465f0d75dd) Importer(815301076,1909f56bfc062723c751e8b465ee728b)
Start importing Assets/grid-cyan.mat using Guid(c0b1d75886b7a534ca04d0465f0d75dd) Importer(815301076,1909f56bfc062723c751e8b465ee728b) (PreviewImporter) -> (artifact id: '7ac8ccb9ca265dc969fdb6f61ac80a7b') in 0.6121924 seconds
Number of updated asset objects reloaded before import = 0Number of asset objects unloaded after import = 2

